&&&& RUNNING TensorRT.trtexec [TensorRT v100300] # /usr/src/tensorrt/bin/trtexec --onnx=yolo26s_5class.onnx --saveEngine=yolo26s_5class_fp16.engine --fp16 --memPoolSize=workspace:2048
[05/09/2026-12:46:11] [I] === Model Options ===
[05/09/2026-12:46:11] [I] Format: ONNX
[05/09/2026-12:46:11] [I] Model: yolo26s_5class.onnx
[05/09/2026-12:46:11] [I] Output:
[05/09/2026-12:46:11] [I] === Build Options ===
[05/09/2026-12:46:11] [I] Memory Pools: workspace: 2048 MiB, dlaSRAM: default, dlaLocalDRAM: default, dlaGlobalDRAM: default, tacticSharedMem: default
[05/09/2026-12:46:11] [I] avgTiming: 8
[05/09/2026-12:46:11] [I] Precision: FP32+FP16
[05/09/2026-12:46:11] [I] LayerPrecisions: 
[05/09/2026-12:46:11] [I] Layer Device Types: 
[05/09/2026-12:46:11] [I] Calibration: 
[05/09/2026-12:46:11] [I] Refit: Disabled
[05/09/2026-12:46:11] [I] Strip weights: Disabled
[05/09/2026-12:46:11] [I] Version Compatible: Disabled
[05/09/2026-12:46:11] [I] ONNX Plugin InstanceNorm: Disabled
[05/09/2026-12:46:11] [I] TensorRT runtime: full
[05/09/2026-12:46:11] [I] Lean DLL Path: 
[05/09/2026-12:46:11] [I] Tempfile Controls: { in_memory: allow, temporary: allow }
[05/09/2026-12:46:11] [I] Exclude Lean Runtime: Disabled
[05/09/2026-12:46:11] [I] Sparsity: Disabled
[05/09/2026-12:46:11] [I] Safe mode: Disabled
[05/09/2026-12:46:11] [I] Build DLA standalone loadable: Disabled
[05/09/2026-12:46:11] [I] Allow GPU fallback for DLA: Disabled
[05/09/2026-12:46:11] [I] DirectIO mode: Disabled
[05/09/2026-12:46:11] [I] Restricted mode: Disabled
[05/09/2026-12:46:11] [I] Skip inference: Disabled
[05/09/2026-12:46:11] [I] Save engine: yolo26s_5class_fp16.engine
[05/09/2026-12:46:11] [I] Load engine: 
[05/09/2026-12:46:11] [I] Profiling verbosity: 0
[05/09/2026-12:46:11] [I] Tactic sources: Using default tactic sources
[05/09/2026-12:46:11] [I] timingCacheMode: local
[05/09/2026-12:46:11] [I] timingCacheFile: 
[05/09/2026-12:46:11] [I] Enable Compilation Cache: Enabled
[05/09/2026-12:46:11] [I] errorOnTimingCacheMiss: Disabled
[05/09/2026-12:46:11] [I] Preview Features: Use default preview flags.
[05/09/2026-12:46:11] [I] MaxAuxStreams: -1
[05/09/2026-12:46:11] [I] BuilderOptimizationLevel: -1
[05/09/2026-12:46:11] [I] Calibration Profile Index: 0
[05/09/2026-12:46:11] [I] Weight Streaming: Disabled
[05/09/2026-12:46:11] [I] Runtime Platform: Same As Build
[05/09/2026-12:46:11] [I] Debug Tensors: 
[05/09/2026-12:46:11] [I] Input(s)s format: fp32:CHW
[05/09/2026-12:46:11] [I] Output(s)s format: fp32:CHW
[05/09/2026-12:46:11] [I] Input build shapes: model
[05/09/2026-12:46:11] [I] Input calibration shapes: model
[05/09/2026-12:46:11] [I] === System Options ===
[05/09/2026-12:46:11] [I] Device: 0
[05/09/2026-12:46:11] [I] DLACore: 
[05/09/2026-12:46:11] [I] Plugins:
[05/09/2026-12:46:11] [I] setPluginsToSerialize:
[05/09/2026-12:46:11] [I] dynamicPlugins:
[05/09/2026-12:46:11] [I] ignoreParsedPluginLibs: 0
[05/09/2026-12:46:11] [I] 
[05/09/2026-12:46:11] [I] === Inference Options ===
[05/09/2026-12:46:11] [I] Batch: Explicit
[05/09/2026-12:46:11] [I] Input inference shapes: model
[05/09/2026-12:46:11] [I] Iterations: 10
[05/09/2026-12:46:11] [I] Duration: 3s (+ 200ms warm up)
[05/09/2026-12:46:11] [I] Sleep time: 0ms
[05/09/2026-12:46:11] [I] Idle time: 0ms
[05/09/2026-12:46:11] [I] Inference Streams: 1
[05/09/2026-12:46:11] [I] ExposeDMA: Disabled
[05/09/2026-12:46:11] [I] Data transfers: Enabled
[05/09/2026-12:46:11] [I] Spin-wait: Disabled
[05/09/2026-12:46:11] [I] Multithreading: Disabled
[05/09/2026-12:46:11] [I] CUDA Graph: Disabled
[05/09/2026-12:46:11] [I] Separate profiling: Disabled
[05/09/2026-12:46:11] [I] Time Deserialize: Disabled
[05/09/2026-12:46:11] [I] Time Refit: Disabled
[05/09/2026-12:46:11] [I] NVTX verbosity: 0
[05/09/2026-12:46:11] [I] Persistent Cache Ratio: 0
[05/09/2026-12:46:11] [I] Optimization Profile Index: 0
[05/09/2026-12:46:11] [I] Weight Streaming Budget: 100.000000%
[05/09/2026-12:46:11] [I] Inputs:
[05/09/2026-12:46:11] [I] Debug Tensor Save Destinations:
[05/09/2026-12:46:11] [I] === Reporting Options ===
[05/09/2026-12:46:11] [I] Verbose: Disabled
[05/09/2026-12:46:11] [I] Averages: 10 inferences
[05/09/2026-12:46:11] [I] Percentiles: 90,95,99
[05/09/2026-12:46:11] [I] Dump refittable layers:Disabled
[05/09/2026-12:46:11] [I] Dump output: Disabled
[05/09/2026-12:46:11] [I] Profile: Disabled
[05/09/2026-12:46:11] [I] Export timing to JSON file: 
[05/09/2026-12:46:11] [I] Export output to JSON file: 
[05/09/2026-12:46:11] [I] Export profile to JSON file: 
[05/09/2026-12:46:11] [I] 
[05/09/2026-12:46:11] [I] === Device Information ===
[05/09/2026-12:46:11] [I] Available Devices: 
[05/09/2026-12:46:11] [I]   Device 0: "Orin" UUID: GPU-96d85c00-60bf-5230-9062-d3201f3dddd7
[05/09/2026-12:46:11] [I] Selected Device: Orin
[05/09/2026-12:46:11] [I] Selected Device ID: 0
[05/09/2026-12:46:11] [I] Selected Device UUID: GPU-96d85c00-60bf-5230-9062-d3201f3dddd7
[05/09/2026-12:46:11] [I] Compute Capability: 8.7
[05/09/2026-12:46:11] [I] SMs: 8
[05/09/2026-12:46:11] [I] Device Global Memory: 7619 MiB
[05/09/2026-12:46:11] [I] Shared Memory per SM: 164 KiB
[05/09/2026-12:46:11] [I] Memory Bus Width: 128 bits (ECC disabled)
[05/09/2026-12:46:11] [I] Application Compute Clock Rate: 0.624 GHz
[05/09/2026-12:46:11] [I] Application Memory Clock Rate: 0.624 GHz
[05/09/2026-12:46:11] [I] 
[05/09/2026-12:46:11] [I] Note: The application clock rates do not reflect the actual clock rates that the GPU is currently running at.
[05/09/2026-12:46:11] [I] 
[05/09/2026-12:46:11] [I] TensorRT version: 10.3.0
[05/09/2026-12:46:11] [I] Loading standard plugins
[05/09/2026-12:46:11] [I] [TRT] [MemUsageChange] Init CUDA: CPU +2, GPU +0, now: CPU 31, GPU 6049 (MiB)
[05/09/2026-12:46:13] [I] [TRT] [MemUsageChange] Init builder kernel library: CPU +928, GPU +798, now: CPU 1002, GPU 6892 (MiB)
[05/09/2026-12:46:13] [I] Start parsing network model.
[05/09/2026-12:46:14] [I] [TRT] ----------------------------------------------------------------
[05/09/2026-12:46:14] [I] [TRT] Input filename:   yolo26s_5class.onnx
[05/09/2026-12:46:14] [I] [TRT] ONNX IR version:  0.0.9
[05/09/2026-12:46:14] [I] [TRT] Opset version:    19
[05/09/2026-12:46:14] [I] [TRT] Producer name:    pytorch
[05/09/2026-12:46:14] [I] [TRT] Producer version: 2.6.0
[05/09/2026-12:46:14] [I] [TRT] Domain:           
[05/09/2026-12:46:14] [I] [TRT] Model version:    0
[05/09/2026-12:46:14] [I] [TRT] Doc string:       
[05/09/2026-12:46:14] [I] [TRT] ----------------------------------------------------------------
[05/09/2026-12:46:14] [I] Finished parsing network model. Parse time: 0.0998101
[05/09/2026-12:46:14] [I] [TRT] Local timing cache in use. Profiling results in this builder pass will not be stored.
[05/09/2026-12:59:18] [I] [TRT] Detected 1 inputs and 1 output network tensors.
[05/09/2026-12:59:25] [I] [TRT] Total Host Persistent Memory: 610592
[05/09/2026-12:59:25] [I] [TRT] Total Device Persistent Memory: 2048
[05/09/2026-12:59:25] [I] [TRT] Total Scratch Memory: 13421056
[05/09/2026-12:59:25] [I] [TRT] [BlockAssignment] Started assigning block shifts. This will take 167 steps to complete.
[05/09/2026-12:59:25] [I] [TRT] [BlockAssignment] Algorithm ShiftNTopDown took 18.1713ms to assign 11 blocks to 167 nodes requiring 42854912 bytes.
[05/09/2026-12:59:25] [I] [TRT] Total Activation Memory: 42854400
[05/09/2026-12:59:25] [I] [TRT] Total Weights Memory: 19080744
[05/09/2026-12:59:25] [I] [TRT] Engine generation completed in 791.744 seconds.
[05/09/2026-12:59:25] [I] [TRT] [MemUsageStats] Peak memory usage of TRT CPU/GPU memory allocators: CPU 2 MiB, GPU 225 MiB
[05/09/2026-12:59:26] [I] [TRT] [MemUsageStats] Peak memory usage during Engine building and serialization: CPU: 1737 MiB
[05/09/2026-12:59:26] [I] Engine built in 791.962 sec.
[05/09/2026-12:59:26] [I] Created engine with size: 22.2485 MiB
[05/09/2026-12:59:26] [I] [TRT] Loaded engine size: 22 MiB
[05/09/2026-12:59:26] [I] Engine deserialized in 0.105745 sec.
[05/09/2026-12:59:26] [I] [TRT] [MemUsageChange] TensorRT-managed allocation in IExecutionContext creation: CPU +0, GPU +41, now: CPU 0, GPU 59 (MiB)
[05/09/2026-12:59:26] [I] Setting persistentCacheLimit to 0 bytes.
[05/09/2026-12:59:26] [I] Created execution context with device memory size: 40.8691 MiB
[05/09/2026-12:59:26] [I] Using random values for input images
[05/09/2026-12:59:26] [I] Input binding for images with dimensions 1x3x960x960 is created.
[05/09/2026-12:59:26] [I] Output binding for output0 with dimensions 1x300x6 is created.
[05/09/2026-12:59:26] [I] Starting inference
[05/09/2026-12:59:30] [I] Warmup completed 7 queries over 200 ms
[05/09/2026-12:59:30] [I] Timing trace has 138 queries over 3.06407 s
[05/09/2026-12:59:30] [I] 
[05/09/2026-12:59:30] [I] === Trace details ===
[05/09/2026-12:59:30] [I] Trace averages of 10 runs:
[05/09/2026-12:59:30] [I] Average on 10 runs - GPU latency: 21.6449 ms - Host latency: 22.8645 ms (enqueue 4.66353 ms)
[05/09/2026-12:59:30] [I] Average on 10 runs - GPU latency: 21.7722 ms - Host latency: 22.9936 ms (enqueue 4.61639 ms)
[05/09/2026-12:59:30] [I] Average on 10 runs - GPU latency: 22.4355 ms - Host latency: 23.63 ms (enqueue 4.4424 ms)
[05/09/2026-12:59:30] [I] Average on 10 runs - GPU latency: 21.8615 ms - Host latency: 23.0647 ms (enqueue 4.55261 ms)
[05/09/2026-12:59:30] [I] Average on 10 runs - GPU latency: 22.4124 ms - Host latency: 23.6335 ms (enqueue 4.52628 ms)
[05/09/2026-12:59:30] [I] Average on 10 runs - GPU latency: 21.8591 ms - Host latency: 23.0665 ms (enqueue 4.60811 ms)
[05/09/2026-12:59:30] [I] Average on 10 runs - GPU latency: 21.8686 ms - Host latency: 23.0832 ms (enqueue 4.54639 ms)
[05/09/2026-12:59:30] [I] Average on 10 runs - GPU latency: 22.4097 ms - Host latency: 23.5853 ms (enqueue 4.3827 ms)
[05/09/2026-12:59:30] [I] Average on 10 runs - GPU latency: 21.8649 ms - Host latency: 23.0926 ms (enqueue 4.55463 ms)
[05/09/2026-12:59:30] [I] Average on 10 runs - GPU latency: 21.8742 ms - Host latency: 23.098 ms (enqueue 4.50413 ms)
[05/09/2026-12:59:30] [I] Average on 10 runs - GPU latency: 22.4109 ms - Host latency: 23.6163 ms (enqueue 4.71982 ms)
[05/09/2026-12:59:30] [I] Average on 10 runs - GPU latency: 21.8563 ms - Host latency: 23.0654 ms (enqueue 4.53337 ms)
[05/09/2026-12:59:30] [I] Average on 10 runs - GPU latency: 21.8503 ms - Host latency: 23.0602 ms (enqueue 4.54243 ms)
[05/09/2026-12:59:30] [I] 
[05/09/2026-12:59:30] [I] === Performance summary ===
[05/09/2026-12:59:30] [I] Throughput: 45.0382 qps
[05/09/2026-12:59:30] [I] Latency: min = 22.6333 ms, max = 28.9839 ms, mean = 23.2501 ms, median = 23.0769 ms, percentile(90%) = 23.1318 ms, percentile(95%) = 24.3502 ms, percentile(99%) = 28.8839 ms
[05/09/2026-12:59:30] [I] Enqueue Time: min = 2.94751 ms, max = 5.08862 ms, mean = 4.55623 ms, median = 4.56213 ms, percentile(90%) = 4.68311 ms, percentile(95%) = 4.77527 ms, percentile(99%) = 4.95068 ms
[05/09/2026-12:59:30] [I] H2D Latency: min = 0.795166 ms, max = 1.26636 ms, mean = 1.19777 ms, median = 1.20663 ms, percentile(90%) = 1.23291 ms, percentile(95%) = 1.23779 ms, percentile(99%) = 1.26196 ms
[05/09/2026-12:59:30] [I] GPU Compute Time: min = 21.5483 ms, max = 27.7622 ms, mean = 22.0406 ms, median = 21.8618 ms, percentile(90%) = 21.8928 ms, percentile(95%) = 23.1371 ms, percentile(99%) = 27.6794 ms
[05/09/2026-12:59:30] [I] D2H Latency: min = 0.00610352 ms, max = 0.0146484 ms, mean = 0.0116819 ms, median = 0.0123291 ms, percentile(90%) = 0.0136719 ms, percentile(95%) = 0.0137939 ms, percentile(99%) = 0.013916 ms
[05/09/2026-12:59:30] [I] Total Host Walltime: 3.06407 s
[05/09/2026-12:59:30] [I] Total GPU Compute Time: 3.04161 s
[05/09/2026-12:59:30] [W] * GPU compute time is unstable, with coefficient of variance = 4.48402%.
[05/09/2026-12:59:30] [W]   If not already in use, locking GPU clock frequency or adding --useSpinWait may improve the stability.
[05/09/2026-12:59:30] [I] Explanations of the performance metrics are printed in the verbose logs.
[05/09/2026-12:59:30] [I] 
&&&& PASSED TensorRT.trtexec [TensorRT v100300] # /usr/src/tensorrt/bin/trtexec --onnx=yolo26s_5class.onnx --saveEngine=yolo26s_5class_fp16.engine --fp16 --memPoolSize=workspace:2048
